../Drivers/CMSIS/Include/core_cm4.h:2064:26:ITM_SendChar	16	static,ignoring_inline_asm
../Core/Src/main.c:102:6:_write	32	static
../Core/Src/main.c:112:7:Set_Pin_Output	40	static
../Core/Src/main.c:121:7:Set_Pin_Input	40	static
../Core/Src/main.c:130:7:motor_control	56	static
../Core/Src/main.c:161:6:QTR16_read	32	static
../Core/Src/main.c:367:7:sharp_turn	8	static
../Core/Src/main.c:387:7:forward_brake	24	static
../Core/Src/main.c:394:6:errors_sum	24	static
../Core/Src/main.c:406:7:past_errors	24	static
../Core/Src/main.c:434:7:PID_control	32	static
../Core/Src/main.c:465:7:Sensor_Calib	24	static
../Core/Src/main.c:607:5:main	8	static
../Core/Src/main.c:672:6:SystemClock_Config	88	static
../Core/Src/main.c:721:6:Error_Handler	4	static,ignoring_inline_asm
