../Drivers/CMSIS/Include/core_cm4.h:2064:26:ITM_SendChar	16	static,ignoring_inline_asm
../Core/Src/main.c:102:6:_write	32	static
../Core/Src/main.c:112:7:Set_Pin_Output	40	static
../Core/Src/main.c:121:7:Set_Pin_Input	40	static
../Core/Src/main.c:130:7:motor_control	56	static
../Core/Src/main.c:161:6:QTR16_read	32	static
../Core/Src/main.c:360:7:sharp_turn	8	static
../Core/Src/main.c:380:7:forward_brake	24	static
../Core/Src/main.c:408:7:PID_control	32	static
../Core/Src/main.c:439:7:Sensor_Calib	24	static
../Core/Src/main.c:581:5:main	8	static
../Core/Src/main.c:646:6:SystemClock_Config	88	static
../Core/Src/main.c:695:6:Error_Handler	4	static,ignoring_inline_asm
